******************************************************************************
                  TI ARM Linker Unix v20.2.3                   
******************************************************************************
>> Linked Sun Nov 22 20:32:15 2020

OUTPUT FILE NAME:   <Capstone.out>
ENTRY POINT SYMBOL: "_c_int00_noargs"  address: 00000691


MEMORY CONFIGURATION

         name            origin    length      used     unused   attr    fill
----------------------  --------  ---------  --------  --------  ----  --------
  MAIN                  00000000   00040000  00000758  0003f8a8  R  X
  INFO                  00200000   00004000  00000000  00004000  R  X
  SRAM_CODE             01000000   00010000  00000216  0000fdea  RW X
  SRAM_DATA             20000000   00010000  00000216  0000fdea  RW  


SEGMENT ALLOCATION MAP

run origin  load origin   length   init length attrs members
----------  ----------- ---------- ----------- ----- -------
00000000    00000000    00000758   00000758    r-x
  00000000    00000000    000000e4   000000e4    r-- .intvecs
  000000e4    000000e4    00000644   00000644    r-x .text
  00000728    00000728    00000030   00000030    r-- .cinit
20000000    20000000    00000016   00000000    rw-
  20000000    20000000    00000010   00000000    rw- .bss
  20000010    20000010    00000006   00000000    rw- .data
2000fe00    2000fe00    00000200   00000000    rw-
  2000fe00    2000fe00    00000200   00000000    rw- .stack


SECTION ALLOCATION MAP

 output                                  attributes/
section   page    origin      length       input sections
--------  ----  ----------  ----------   ----------------
.intvecs   0    00000000    000000e4     
                  00000000    000000e4     startup_msp432p401r_ccs.obj (.intvecs:retain)

.text      0    000000e4    00000644     
                  000000e4    00000334     system_msp432p401r.obj (.text)
                  00000418    000000c0     ADC.obj (.text)
                  000004d8    0000009c     rtsv7M4_T_le_v4SPD16_eabi.lib : memcpy_t2.asm.obj (.text)
                  00000574    00000070     ClockTimer.obj (.text)
                  000005e4    00000068     rtsv7M4_T_le_v4SPD16_eabi.lib : copy_decompress_lzss.c.obj (.text:decompress:lzss:__TI_decompress_lzss)
                  0000064c    00000044                                   : autoinit.c.obj (.text:__TI_auto_init_nobinit_nopinit:__TI_auto_init_nobinit_nopinit)
                  00000690    00000034                                   : boot_cortex_m.c.obj (.text:_c_int00_noargs:_c_int00_noargs)
                  000006c4    00000024     main.obj (.text)
                  000006e8    0000001c     rtsv7M4_T_le_v4SPD16_eabi.lib : copy_zero_init.c.obj (.text:decompress:ZI:__TI_zero_init_nomemset:__TI_zero_init_nomemset)
                  00000704    0000000e                                   : copy_decompress_none.c.obj (.text:decompress:none:__TI_decompress_none)
                  00000712    0000000e     startup_msp432p401r_ccs.obj (.text)
                  00000720    00000004     rtsv7M4_T_le_v4SPD16_eabi.lib : pre_init.c.obj (.text:_system_pre_init)
                  00000724    00000004                                   : exit.c.obj (.text:abort:abort)

.cinit     0    00000728    00000030     
                  00000728    0000000c     (__TI_handler_table)
                  00000734    0000000a     (.cinit..data.load) [load image, compression = lzss]
                  0000073e    00000002     --HOLE-- [fill = 0]
                  00000740    00000008     (.cinit..bss.load) [load image, compression = zero_init]
                  00000748    00000010     (__TI_cinit_table)

.init_array 
*          0    00000000    00000000     UNINITIALIZED

.binit     0    00000000    00000000     

.bss       0    20000000    00000010     UNINITIALIZED
                  20000000    00000010     (.common:A15results)

.data      0    20000010    00000006     UNINITIALIZED
                  20000010    00000004     system_msp432p401r.obj (.data)
                  20000014    00000002     ADC.obj (.data)

.stack     0    2000fe00    00000200     UNINITIALIZED
                  2000fe00    00000004     rtsv7M4_T_le_v4SPD16_eabi.lib : boot_cortex_m.c.obj (.stack)
                  2000fe04    000001fc     --HOLE--

__llvm_prf_cnts 
*          0    20000000    00000000     UNINITIALIZED

MODULE SUMMARY

       Module                        code   ro data   rw data
       ------                        ----   -------   -------
    ./
       system_msp432p401r.obj        820    0         8      
       startup_msp432p401r_ccs.obj   14     228       0      
       ADC.obj                       192    0         36     
       ClockTimer.obj                112    0         0      
       main.obj                      36     0         0      
    +--+-----------------------------+------+---------+---------+
       Total:                        1174   228       44     
                                                             
    /Applications/ti/ccs1011/ccs/tools/compiler/ti-cgt-arm_20.2.3.LTS/lib/rtsv7M4_T_le_v4SPD16_eabi.lib
       memcpy_t2.asm.obj             156    0         0      
       copy_decompress_lzss.c.obj    104    0         0      
       autoinit.c.obj                68     0         0      
       boot_cortex_m.c.obj           52     0         0      
       copy_zero_init.c.obj          28     0         0      
       copy_decompress_none.c.obj    14     0         0      
       exit.c.obj                    4      0         0      
       pre_init.c.obj                4      0         0      
    +--+-----------------------------+------+---------+---------+
       Total:                        430    0         0      
                                                             
       Stack:                        0      0         1024   
       Linker Generated:             0      46        0      
    +--+-----------------------------+------+---------+---------+
       Grand Total:                  1604   274       1068   


LINKER GENERATED COPY TABLES

__TI_cinit_table @ 00000748 records: 2, size/record: 8, table size: 16
	.data: load addr=00000734, load size=0000000a bytes, run addr=20000010, run size=00000006 bytes, compression=lzss
	.bss: load addr=00000740, load size=00000008 bytes, run addr=20000000, run size=00000010 bytes, compression=zero_init


LINKER GENERATED HANDLER TABLE

__TI_handler_table @ 00000728 records: 3, size/record: 4, table size: 12
	index: 0, handler: __TI_decompress_lzss
	index: 1, handler: __TI_decompress_none
	index: 2, handler: __TI_zero_init


GLOBAL SYMBOLS: SORTED ALPHABETICALLY BY Name 

address   name                          
-------   ----                          
20000000  A15results                    
00000479  ADC14_IRQHandler              
00000479  ADC14_IRQHandler              
0000071f  AES256_IRQHandler             
0000071f  BusFault_Handler              
00000725  C$$EXIT                       
0000071f  COMP_E0_IRQHandler            
0000071f  COMP_E1_IRQHandler            
0000071f  CS_IRQHandler                 
00000419  ConfigureADC                  
00000575  ConfigureClock                
00000593  ConfigureTimer                
0000071f  DMA_ERR_IRQHandler            
0000071f  DMA_INT0_IRQHandler           
0000071f  DMA_INT1_IRQHandler           
0000071f  DMA_INT2_IRQHandler           
0000071f  DMA_INT3_IRQHandler           
0000071f  DebugMon_Handler              
0000071f  Default_Handler               
0000071f  EUSCIA0_IRQHandler            
0000071f  EUSCIA1_IRQHandler            
0000071f  EUSCIA2_IRQHandler            
0000071f  EUSCIA3_IRQHandler            
0000071f  EUSCIB0_IRQHandler            
0000071f  EUSCIB1_IRQHandler            
0000071f  EUSCIB2_IRQHandler            
0000071f  EUSCIB3_IRQHandler            
0000071f  FLCTL_IRQHandler              
0000071f  FPU_IRQHandler                
0000071f  HardFault_Handler             
0000071f  MemManage_Handler             
0000071f  NMI_Handler                   
0000071f  PCM_IRQHandler                
0000071f  PORT1_IRQHandler              
0000071f  PORT2_IRQHandler              
0000071f  PORT3_IRQHandler              
0000071f  PORT4_IRQHandler              
0000071f  PORT5_IRQHandler              
0000071f  PORT6_IRQHandler              
0000071f  PSS_IRQHandler                
0000071f  PendSV_Handler                
0000071f  RTC_C_IRQHandler              
00000713  Reset_Handler                 
0000071f  SVC_Handler                   
0000046d  StartSampling                 
0000071f  SysTick_Handler               
20000010  SystemCoreClock               
000000e5  SystemCoreClockUpdate         
0000035d  SystemInit                    
0000071f  T32_INT1_IRQHandler           
0000071f  T32_INT2_IRQHandler           
0000071f  T32_INTC_IRQHandler           
0000071f  TA0_0_IRQHandler              
0000071f  TA0_N_IRQHandler              
0000071f  TA1_0_IRQHandler              
0000071f  TA1_N_IRQHandler              
0000071f  TA2_0_IRQHandler              
0000071f  TA2_N_IRQHandler              
0000071f  TA3_0_IRQHandler              
0000071f  TA3_N_IRQHandler              
0000071f  UsageFault_Handler            
000005ab  VCORE1                        
4000480c  WDTCTL_SYM                    
0000071f  WDT_A_IRQHandler              
20010000  __STACK_END                   
00000200  __STACK_SIZE                  
00000748  __TI_CINIT_Base               
00000758  __TI_CINIT_Limit              
00000728  __TI_Handler_Table_Base       
00000734  __TI_Handler_Table_Limit      
0000064d  __TI_auto_init_nobinit_nopinit
000005e5  __TI_decompress_lzss          
00000705  __TI_decompress_none          
ffffffff  __TI_pprof_out_hndl           
ffffffff  __TI_prof_data_size           
ffffffff  __TI_prof_data_start          
00000000  __TI_static_base__            
000006e9  __TI_zero_init_nomemset       
000004d9  __aeabi_memcpy                
000004d9  __aeabi_memcpy4               
000004d9  __aeabi_memcpy8               
ffffffff  __binit__                     
ffffffff  __c_args__                    
UNDEFED   __mpu_init                    
2000fe00  __stack                       
20000000  __start___llvm_prf_cnts       
20000000  __stop___llvm_prf_cnts        
00000691  _c_int00_noargs               
UNDEFED   _system_post_cinit            
00000721  _system_pre_init              
00000725  abort                         
ffffffff  binit                         
20000014  index                         
00000000  interruptVectors              
000006c5  main                          
000004d9  memcpy                        


GLOBAL SYMBOLS: SORTED BY Symbol Address 

address   name                          
-------   ----                          
00000000  __TI_static_base__            
00000000  interruptVectors              
000000e5  SystemCoreClockUpdate         
00000200  __STACK_SIZE                  
0000035d  SystemInit                    
00000419  ConfigureADC                  
0000046d  StartSampling                 
00000479  ADC14_IRQHandler              
00000479  ADC14_IRQHandler              
000004d9  __aeabi_memcpy                
000004d9  __aeabi_memcpy4               
000004d9  __aeabi_memcpy8               
000004d9  memcpy                        
00000575  ConfigureClock                
00000593  ConfigureTimer                
000005ab  VCORE1                        
000005e5  __TI_decompress_lzss          
0000064d  __TI_auto_init_nobinit_nopinit
00000691  _c_int00_noargs               
000006c5  main                          
000006e9  __TI_zero_init_nomemset       
00000705  __TI_decompress_none          
00000713  Reset_Handler                 
0000071f  AES256_IRQHandler             
0000071f  BusFault_Handler              
0000071f  COMP_E0_IRQHandler            
0000071f  COMP_E1_IRQHandler            
0000071f  CS_IRQHandler                 
0000071f  DMA_ERR_IRQHandler            
0000071f  DMA_INT0_IRQHandler           
0000071f  DMA_INT1_IRQHandler           
0000071f  DMA_INT2_IRQHandler           
0000071f  DMA_INT3_IRQHandler           
0000071f  DebugMon_Handler              
0000071f  Default_Handler               
0000071f  EUSCIA0_IRQHandler            
0000071f  EUSCIA1_IRQHandler            
0000071f  EUSCIA2_IRQHandler            
0000071f  EUSCIA3_IRQHandler            
0000071f  EUSCIB0_IRQHandler            
0000071f  EUSCIB1_IRQHandler            
0000071f  EUSCIB2_IRQHandler            
0000071f  EUSCIB3_IRQHandler            
0000071f  FLCTL_IRQHandler              
0000071f  FPU_IRQHandler                
0000071f  HardFault_Handler             
0000071f  MemManage_Handler             
0000071f  NMI_Handler                   
0000071f  PCM_IRQHandler                
0000071f  PORT1_IRQHandler              
0000071f  PORT2_IRQHandler              
0000071f  PORT3_IRQHandler              
0000071f  PORT4_IRQHandler              
0000071f  PORT5_IRQHandler              
0000071f  PORT6_IRQHandler              
0000071f  PSS_IRQHandler                
0000071f  PendSV_Handler                
0000071f  RTC_C_IRQHandler              
0000071f  SVC_Handler                   
0000071f  SysTick_Handler               
0000071f  T32_INT1_IRQHandler           
0000071f  T32_INT2_IRQHandler           
0000071f  T32_INTC_IRQHandler           
0000071f  TA0_0_IRQHandler              
0000071f  TA0_N_IRQHandler              
0000071f  TA1_0_IRQHandler              
0000071f  TA1_N_IRQHandler              
0000071f  TA2_0_IRQHandler              
0000071f  TA2_N_IRQHandler              
0000071f  TA3_0_IRQHandler              
0000071f  TA3_N_IRQHandler              
0000071f  UsageFault_Handler            
0000071f  WDT_A_IRQHandler              
00000721  _system_pre_init              
00000725  C$$EXIT                       
00000725  abort                         
00000728  __TI_Handler_Table_Base       
00000734  __TI_Handler_Table_Limit      
00000748  __TI_CINIT_Base               
00000758  __TI_CINIT_Limit              
20000000  A15results                    
20000000  __start___llvm_prf_cnts       
20000000  __stop___llvm_prf_cnts        
20000010  SystemCoreClock               
20000014  index                         
2000fe00  __stack                       
20010000  __STACK_END                   
4000480c  WDTCTL_SYM                    
ffffffff  __TI_pprof_out_hndl           
ffffffff  __TI_prof_data_size           
ffffffff  __TI_prof_data_start          
ffffffff  __binit__                     
ffffffff  __c_args__                    
ffffffff  binit                         
UNDEFED   __mpu_init                    
UNDEFED   _system_post_cinit            

[96 symbols]
